../Core/Src/bootlaoder.c:35:11:BL_fetch_hostCommand	16	static
../Core/Src/bootlaoder.c:125:13:BL_print_message	112	static
../Core/Src/bootlaoder.c:135:16:BL_CRC_verification	40	static
../Core/Src/bootlaoder.c:157:13:BL_send_ACK	24	static
../Core/Src/bootlaoder.c:163:13:BL_send_NACK	16	static
../Core/Src/bootlaoder.c:169:13:BL_send_to_host	16	static
../Core/Src/bootlaoder.c:174:13:BL_Get_Version	32	static
../Core/Src/bootlaoder.c:208:13:BL_Get_Help	40	static
../Core/Src/bootlaoder.c:260:13:BL_Get_Chip_Identification_Number	32	static
../Core/Src/bootlaoder.c:297:13:BL_Jump_To_User_App	24	static,ignoring_inline_asm
../Core/Src/bootlaoder.c:317:16:Host_Address_Verification	24	static
../Core/Src/bootlaoder.c:332:13:BL_Jump_To_Address	40	static
../Core/Src/bootlaoder.c:398:16:perform_FLASH_erase	48	static
../Core/Src/bootlaoder.c:435:13:BL_Erase_Flash	32	static
../Core/Src/bootlaoder.c:486:13:BL_Read_Protection_Level	16	static
../Core/Src/bootlaoder.c:490:13:BL_Memory_Write	16	static
../Core/Src/bootlaoder.c:494:13:BL_Enable_RW_Protection	16	static
../Core/Src/bootlaoder.c:498:13:BL_Memory_Read	16	static
../Core/Src/bootlaoder.c:502:13:BL_Get_Sector_Protection_Status	16	static
../Core/Src/bootlaoder.c:506:13:BL_Read_OTP	16	static
../Core/Src/bootlaoder.c:510:13:BL_Change_Read_Protection_Level	16	static
